[
  {
    "timestamp": 1445136614672,
    "message": "I, [2015-10-18T09:45:30.540420 #16] INFO -- : http://pm25.test.inokara.com/kyusyu/2015-10-17.html"
  }
]
